{
  "body": {
    "arrayArg": [
      {}
    ],
    "dateArg": "13:08:03",
    "doubleArg": 0.34667498058347623,
    "doubleWrapperArg": 0.34667498058347623,
    "floatArg": 0.505189836025238,
    "floatWrapperArg": 0.50518984,
    "intArg": 1881612699,
    "integerWrapperArg": 1881612699,
    "localDateArg": "42590977-03-08",
    "localDateTimeArg": "08:46:16",
    "longArg": -1830391751231062889,
    "longWrapperArg": -1830391751231062889,
    "numberArg": -1830391751231062889,
    "objectArg": "2f6086d6-bf2c-38b4-a1e9-2b740fc93f95",
    "stringArg": "o9zWFfoviShcKsgfZT6rCJMkn5MPQH2y",
    "uuidArg": "e2490de5-5bd3-43d5-b7c4-526e33f71304"
  },
  "matchingRules": {
    ".arrayArg": {
      "rules": [
        {},
        {
          "max": -1819415847
        },
        {
          "min": 205323323
        },
        {
          "min": 765357112,
          "max": 765357112
        }
      ],
      "ruleLogic": "AND",
      "cascaded": false
    },
    ".dateArg": {
      "rules": [
        {
          "format": "yyyy-MM"
        },
        {
          "format": "yyyy-MM-dd"
        },
        {
          "format": "hh:mm"
        },
        {
          "format": "yyyy-MM-dd HH:mm:ss"
        },
        {
          "format": "hh:mm"
        },
        {
          "format": "HH:mm:ss"
        }
      ],
      "ruleLogic": "AND",
      "cascaded": false
    },
    ".doubleArg": {
      "rules": [
        {
          "numberType": "DECIMAL"
        }
      ],
      "ruleLogic": "AND",
      "cascaded": false
    },
    ".doubleWrapperArg": {
      "rules": [
        {
          "numberType": "DECIMAL"
        }
      ],
      "ruleLogic": "AND",
      "cascaded": false
    },
    ".floatArg": {
      "rules": [
        {
          "numberType": "DECIMAL"
        },
        {
          "numberType": "DECIMAL"
        }
      ],
      "ruleLogic": "AND",
      "cascaded": false
    },
    ".floatWrapperArg": {
      "rules": [
        {
          "numberType": "DECIMAL"
        },
        {
          "numberType": "DECIMAL"
        }
      ],
      "ruleLogic": "AND",
      "cascaded": false
    },
    ".intArg": {
      "rules": [
        {},
        {
          "numberType": "INTEGER"
        },
        {
          "numberType": "INTEGER"
        }
      ],
      "ruleLogic": "AND",
      "cascaded": false
    },
    ".integerWrapperArg": {
      "rules": [
        {
          "numberType": "INTEGER"
        },
        {
          "numberType": "INTEGER"
        },
        {
          "numberType": "INTEGER"
        }
      ],
      "ruleLogic": "AND",
      "cascaded": false
    },
    ".localDateArg": {
      "rules": [
        {
          "format": "yyyy-MM"
        },
        {
          "format": "yyyy-MM-dd"
        }
      ],
      "ruleLogic": "AND",
      "cascaded": false
    },
    ".localDateTimeArg": {
      "rules": [
        {
          "format": "hh:mm"
        },
        {
          "format": "HH:mm:ss"
        }
      ],
      "ruleLogic": "AND",
      "cascaded": false
    },
    ".longArg": {
      "rules": [
        {},
        {
          "numberType": "INTEGER"
        }
      ],
      "ruleLogic": "AND",
      "cascaded": false
    },
    ".longWrapperArg": {
      "rules": [
        {
          "numberType": "INTEGER"
        },
        {
          "numberType": "INTEGER"
        }
      ],
      "ruleLogic": "AND",
      "cascaded": false
    },
    ".numberArg": {
      "rules": [
        {
          "numberType": "NUMBER"
        },
        {
          "numberType": "NUMBER"
        },
        {
          "numberType": "NUMBER"
        },
        {
          "numberType": "NUMBER"
        },
        {
          "numberType": "NUMBER"
        },
        {
          "numberType": "NUMBER"
        },
        {
          "numberType": "NUMBER"
        },
        {
          "numberType": "NUMBER"
        }
      ],
      "ruleLogic": "AND",
      "cascaded": false
    },
    ".objectArg": {
      "rules": [
        {},
        {},
        {
          "format": "yyyy-MM-dd"
        },
        {
          "format": "yyyy-MM-dd"
        },
        {
          "format": "yyyy-MM-dd"
        },
        {
          "format": "yyyy-MM-dd"
        },
        {
          "format": "yyyy-MM-dd"
        },
        {
          "format": "yyyy-MM-dd"
        },
        {
          "numberType": "DECIMAL"
        },
        {
          "numberType": "DECIMAL"
        },
        {
          "numberType": "DECIMAL"
        },
        {},
        {},
        {
          "regex": "[0-9a-fA-F]+"
        },
        {
          "regex": "[0-9a-fA-F]+"
        },
        {
          "numberType": "INTEGER"
        },
        {
          "numberType": "INTEGER"
        },
        {
          "value": "zwQB5Kp2mLDs26ahJnyJkJ5OfC7KY5Aa"
        },
        {
          "numberType": "INTEGER"
        },
        {
          "numberType": "INTEGER"
        },
        {
          "numberType": "INTEGER"
        },
        {
          "regex": "(\\d{1,3}\\.)+\\d{1,3}"
        },
        {
          "regex": ".*\\/()$"
        },
        {},
        {},
        {},
        {},
        {},
        {
          "format": "\u0027T\u0027HH:mm:ss"
        },
        {
          "format": "yyyy-MM-dd"
        },
        {
          "format": "\u0027T\u0027HH:mm:ss"
        },
        {
          "format": "yyyy-MM-dd"
        },
        {
          "regex": "[0-9a-f]{8}-[0-9a-f]{4}-[0-9a-f]{4}-[0-9a-f]{4}-[0-9a-f]{12}"
        },
        {
          "regex": "[0-9a-f]{8}-[0-9a-f]{4}-[0-9a-f]{4}-[0-9a-f]{4}-[0-9a-f]{12}"
        },
        {
          "regex": "[0-9a-f]{8}-[0-9a-f]{4}-[0-9a-f]{4}-[0-9a-f]{4}-[0-9a-f]{12}"
        }
      ],
      "ruleLogic": "AND",
      "cascaded": false
    },
    ".uuidArg": {
      "rules": [
        {
          "regex": "[0-9a-f]{8}-[0-9a-f]{4}-[0-9a-f]{4}-[0-9a-f]{4}-[0-9a-f]{12}"
        },
        {
          "regex": "[0-9a-f]{8}-[0-9a-f]{4}-[0-9a-f]{4}-[0-9a-f]{4}-[0-9a-f]{12}"
        },
        {
          "regex": "[0-9a-f]{8}-[0-9a-f]{4}-[0-9a-f]{4}-[0-9a-f]{4}-[0-9a-f]{12}"
        }
      ],
      "ruleLogic": "AND",
      "cascaded": false
    }
  }
}
