{
  "body": {
    "testAttribute": 42.0
  },
  "matchingRules": {
    ".testAttribute": {
      "rules": [
        {
          "numberType": "DECIMAL"
        }
      ],
      "ruleLogic": "AND",
      "cascaded": false
    }
  }
}
