{
  "body": {
    "testAttribute": 42
  },
  "matchingRules": {
    ".testAttribute": {
      "rules": [
        {
          "numberType": "INTEGER"
        }
      ],
      "ruleLogic": "AND",
      "cascaded": false
    }
  },
  "generators": "Generators(categories\u003d{})"
}
