{
  "body": {
    "testAttribute": "2000-01-31"
  },
  "matchingRules": {
    ".testAttribute": {
      "rules": [
        {
          "format": "yyyy-MM-dd"
        }
      ],
      "ruleLogic": "AND",
      "cascaded": false
    }
  },
  "generators": "Generators(categories\u003d{BODY\u003d{.testAttribute\u003dDateGenerator(format\u003dyyyy-MM-dd, expression\u003dnull)}})"
}
