{
  "body": {
    "testAttribute": true
  },
  "matchingRules": {
    ".testAttribute": {
      "rules": [
        {}
      ],
      "ruleLogic": "AND",
      "cascaded": false
    }
  },
  "generators": "Generators(categories\u003d{})"
}
