{
  "body": {
    "stringArg": "$$stringArg$$"
  },
  "matchingRules": {
    ".stringArg": {
      "rules": [
        {
          "regex": "EUR|USD"
        }
      ],
      "ruleLogic": "AND",
      "cascaded": false
    }
  },
  "generators": "Generators(categories\u003d{})"
}
